// Jest Snapshot v1, https://goo.gl/fbAQLP

exports[`should render ExpenseListItem correctly 1`] = `
<Link
  replace={false}
  to="/edit/1"
>
  <div
    className="list-item"
  >
    <h3
      className="list-item__title"
    >
      Gum
    </h3>
    <span
      className="list-item__subtitle"
    >
      1970-01-01
    </span>
    <h3
      className="list-item__data"
    >
      $2.0
    </h3>
  </div>
</Link>
`;
